{
    "isDeclaration": false,
    "languageVersion": "EcmaScript5",
    "diagnostics": [
        {
            "start": 0,
            "length": 9,
            "diagnosticCode": "'{0}' modifier cannot appear on a module element.",
            "arguments": [
                "protected"
            ]
        }
    ],
    "sourceUnit": {
        "kind": "SourceUnit",
        "fullStart": 0,
        "fullEnd": 22,
        "start": 0,
        "end": 22,
        "fullWidth": 22,
        "width": 22,
        "moduleElements": [
            {
                "kind": "ClassDeclaration",
                "fullStart": 0,
                "fullEnd": 22,
                "start": 0,
                "end": 22,
                "fullWidth": 22,
                "width": 22,
                "modifiers": [
                    {
                        "kind": "ProtectedKeyword",
                        "fullStart": 0,
                        "fullEnd": 10,
                        "start": 0,
                        "end": 9,
                        "fullWidth": 10,
                        "width": 9,
                        "text": "protected",
                        "value": "protected",
                        "valueText": "protected",
                        "hasTrailingTrivia": true,
                        "trailingTrivia": [
                            {
                                "kind": "WhitespaceTrivia",
                                "fullStart": 9,
                                "fullEnd": 10,
                                "text": " "
                            }
                        ]
                    }
                ],
                "classKeyword": {
                    "kind": "ClassKeyword",
                    "fullStart": 10,
                    "fullEnd": 16,
                    "start": 10,
                    "end": 15,
                    "fullWidth": 6,
                    "width": 5,
                    "text": "class",
                    "value": "class",
                    "valueText": "class",
                    "hasTrailingTrivia": true,
                    "trailingTrivia": [
                        {
                            "kind": "WhitespaceTrivia",
                            "fullStart": 15,
                            "fullEnd": 16,
                            "text": " "
                        }
                    ]
                },
                "identifier": {
                    "kind": "IdentifierName",
                    "fullStart": 16,
                    "fullEnd": 18,
                    "start": 16,
                    "end": 17,
                    "fullWidth": 2,
                    "width": 1,
                    "text": "C",
                    "value": "C",
                    "valueText": "C",
                    "hasTrailingTrivia": true,
                    "trailingTrivia": [
                        {
                            "kind": "WhitespaceTrivia",
                            "fullStart": 17,
                            "fullEnd": 18,
                            "text": " "
                        }
                    ]
                },
                "heritageClauses": [],
                "openBraceToken": {
                    "kind": "OpenBraceToken",
                    "fullStart": 18,
                    "fullEnd": 21,
                    "start": 18,
                    "end": 19,
                    "fullWidth": 3,
                    "width": 1,
                    "text": "{",
                    "value": "{",
                    "valueText": "{",
                    "hasTrailingTrivia": true,
                    "hasTrailingNewLine": true,
                    "trailingTrivia": [
                        {
                            "kind": "NewLineTrivia",
                            "fullStart": 19,
                            "fullEnd": 21,
                            "text": "\r\n"
                        }
                    ]
                },
                "closeBraceToken": {
                    "kind": "CloseBraceToken",
                    "fullStart": 21,
                    "fullEnd": 22,
                    "start": 21,
                    "end": 22,
                    "fullWidth": 1,
                    "width": 1,
                    "text": "}",
                    "value": "}",
                    "valueText": "}"
                }
            }
        ],
        "endOfFileToken": {
            "kind": "EndOfFileToken",
            "fullStart": 22,
            "fullEnd": 22,
            "start": 22,
            "end": 22,
            "fullWidth": 0,
            "width": 0,
            "text": ""
        }
    },
    "lineMap": {
        "lineStarts": [
            0,
            21
        ],
        "length": 22
    }
}