{
    "isDeclaration": false,
    "languageVersion": "EcmaScript5",
    "sourceUnit": {
        "kind": "SourceUnit",
        "fullStart": 0,
        "fullEnd": 40,
        "start": 0,
        "end": 40,
        "fullWidth": 40,
        "width": 40,
        "moduleElements": [
            {
                "kind": "ClassDeclaration",
                "fullStart": 0,
                "fullEnd": 40,
                "start": 0,
                "end": 40,
                "fullWidth": 40,
                "width": 40,
                "modifiers": [],
                "classKeyword": {
                    "kind": "ClassKeyword",
                    "fullStart": 0,
                    "fullEnd": 6,
                    "start": 0,
                    "end": 5,
                    "fullWidth": 6,
                    "width": 5,
                    "text": "class",
                    "value": "class",
                    "valueText": "class",
                    "hasTrailingTrivia": true,
                    "trailingTrivia": [
                        {
                            "kind": "WhitespaceTrivia",
                            "fullStart": 5,
                            "fullEnd": 6,
                            "text": " "
                        }
                    ]
                },
                "identifier": {
                    "kind": "IdentifierName",
                    "fullStart": 6,
                    "fullEnd": 8,
                    "start": 6,
                    "end": 7,
                    "fullWidth": 2,
                    "width": 1,
                    "text": "C",
                    "value": "C",
                    "valueText": "C",
                    "hasTrailingTrivia": true,
                    "trailingTrivia": [
                        {
                            "kind": "WhitespaceTrivia",
                            "fullStart": 7,
                            "fullEnd": 8,
                            "text": " "
                        }
                    ]
                },
                "openBraceToken": {
                    "kind": "OpenBraceToken",
                    "fullStart": 8,
                    "fullEnd": 11,
                    "start": 8,
                    "end": 9,
                    "fullWidth": 3,
                    "width": 1,
                    "text": "{",
                    "value": "{",
                    "valueText": "{",
                    "hasTrailingTrivia": true,
                    "hasTrailingNewLine": true,
                    "trailingTrivia": [
                        {
                            "kind": "NewLineTrivia",
                            "fullStart": 9,
                            "fullEnd": 11,
                            "text": "\r\n"
                        }
                    ]
                },
                "classElements": [
                    {
                        "kind": "MemberFunctionDeclaration",
                        "fullStart": 11,
                        "fullEnd": 39,
                        "start": 13,
                        "end": 37,
                        "fullWidth": 28,
                        "width": 24,
                        "modifiers": [
                            {
                                "kind": "ProtectedKeyword",
                                "fullStart": 11,
                                "fullEnd": 23,
                                "start": 13,
                                "end": 22,
                                "fullWidth": 12,
                                "width": 9,
                                "text": "protected",
                                "value": "protected",
                                "valueText": "protected",
                                "hasLeadingTrivia": true,
                                "hasTrailingTrivia": true,
                                "leadingTrivia": [
                                    {
                                        "kind": "WhitespaceTrivia",
                                        "fullStart": 11,
                                        "fullEnd": 13,
                                        "text": "  "
                                    }
                                ],
                                "trailingTrivia": [
                                    {
                                        "kind": "WhitespaceTrivia",
                                        "fullStart": 22,
                                        "fullEnd": 23,
                                        "text": " "
                                    }
                                ]
                            },
                            {
                                "kind": "StaticKeyword",
                                "fullStart": 23,
                                "fullEnd": 30,
                                "start": 23,
                                "end": 29,
                                "fullWidth": 7,
                                "width": 6,
                                "text": "static",
                                "value": "static",
                                "valueText": "static",
                                "hasTrailingTrivia": true,
                                "trailingTrivia": [
                                    {
                                        "kind": "WhitespaceTrivia",
                                        "fullStart": 29,
                                        "fullEnd": 30,
                                        "text": " "
                                    }
                                ]
                            }
                        ],
                        "propertyName": {
                            "kind": "IdentifierName",
                            "fullStart": 30,
                            "fullEnd": 31,
                            "start": 30,
                            "end": 31,
                            "fullWidth": 1,
                            "width": 1,
                            "text": "m",
                            "value": "m",
                            "valueText": "m"
                        },
                        "callSignature": {
                            "kind": "CallSignature",
                            "fullStart": 31,
                            "fullEnd": 34,
                            "start": 31,
                            "end": 33,
                            "fullWidth": 3,
                            "width": 2,
                            "parameterList": {
                                "kind": "ParameterList",
                                "fullStart": 31,
                                "fullEnd": 34,
                                "start": 31,
                                "end": 33,
                                "fullWidth": 3,
                                "width": 2,
                                "openParenToken": {
                                    "kind": "OpenParenToken",
                                    "fullStart": 31,
                                    "fullEnd": 32,
                                    "start": 31,
                                    "end": 32,
                                    "fullWidth": 1,
                                    "width": 1,
                                    "text": "(",
                                    "value": "(",
                                    "valueText": "("
                                },
                                "parameters": [],
                                "closeParenToken": {
                                    "kind": "CloseParenToken",
                                    "fullStart": 32,
                                    "fullEnd": 34,
                                    "start": 32,
                                    "end": 33,
                                    "fullWidth": 2,
                                    "width": 1,
                                    "text": ")",
                                    "value": ")",
                                    "valueText": ")",
                                    "hasTrailingTrivia": true,
                                    "trailingTrivia": [
                                        {
                                            "kind": "WhitespaceTrivia",
                                            "fullStart": 33,
                                            "fullEnd": 34,
                                            "text": " "
                                        }
                                    ]
                                }
                            }
                        },
                        "block": {
                            "kind": "Block",
                            "fullStart": 34,
                            "fullEnd": 39,
                            "start": 34,
                            "end": 37,
                            "fullWidth": 5,
                            "width": 3,
                            "openBraceToken": {
                                "kind": "OpenBraceToken",
                                "fullStart": 34,
                                "fullEnd": 36,
                                "start": 34,
                                "end": 35,
                                "fullWidth": 2,
                                "width": 1,
                                "text": "{",
                                "value": "{",
                                "valueText": "{",
                                "hasTrailingTrivia": true,
                                "trailingTrivia": [
                                    {
                                        "kind": "WhitespaceTrivia",
                                        "fullStart": 35,
                                        "fullEnd": 36,
                                        "text": " "
                                    }
                                ]
                            },
                            "statements": [],
                            "closeBraceToken": {
                                "kind": "CloseBraceToken",
                                "fullStart": 36,
                                "fullEnd": 39,
                                "start": 36,
                                "end": 37,
                                "fullWidth": 3,
                                "width": 1,
                                "text": "}",
                                "value": "}",
                                "valueText": "}",
                                "hasTrailingTrivia": true,
                                "hasTrailingNewLine": true,
                                "trailingTrivia": [
                                    {
                                        "kind": "NewLineTrivia",
                                        "fullStart": 37,
                                        "fullEnd": 39,
                                        "text": "\r\n"
                                    }
                                ]
                            }
                        }
                    }
                ],
                "closeBraceToken": {
                    "kind": "CloseBraceToken",
                    "fullStart": 39,
                    "fullEnd": 40,
                    "start": 39,
                    "end": 40,
                    "fullWidth": 1,
                    "width": 1,
                    "text": "}",
                    "value": "}",
                    "valueText": "}"
                }
            }
        ],
        "endOfFileToken": {
            "kind": "EndOfFileToken",
            "fullStart": 40,
            "fullEnd": 40,
            "start": 40,
            "end": 40,
            "fullWidth": 0,
            "width": 0,
            "text": ""
        }
    },
    "lineMap": {
        "lineStarts": [
            0,
            11,
            39
        ],
        "length": 40
    }
}