{
    "isDeclaration": false,
    "languageVersion": "EcmaScript5",
    "sourceUnit": {
        "kind": "SourceUnit",
        "fullStart": 0,
        "fullEnd": 45,
        "start": 0,
        "end": 45,
        "fullWidth": 45,
        "width": 45,
        "moduleElements": [
            {
                "kind": "ClassDeclaration",
                "fullStart": 0,
                "fullEnd": 45,
                "start": 0,
                "end": 45,
                "fullWidth": 45,
                "width": 45,
                "modifiers": [],
                "classKeyword": {
                    "kind": "ClassKeyword",
                    "fullStart": 0,
                    "fullEnd": 6,
                    "start": 0,
                    "end": 5,
                    "fullWidth": 6,
                    "width": 5,
                    "text": "class",
                    "value": "class",
                    "valueText": "class",
                    "hasTrailingTrivia": true,
                    "trailingTrivia": [
                        {
                            "kind": "WhitespaceTrivia",
                            "fullStart": 5,
                            "fullEnd": 6,
                            "text": " "
                        }
                    ]
                },
                "identifier": {
                    "kind": "IdentifierName",
                    "fullStart": 6,
                    "fullEnd": 8,
                    "start": 6,
                    "end": 7,
                    "fullWidth": 2,
                    "width": 1,
                    "text": "C",
                    "value": "C",
                    "valueText": "C",
                    "hasTrailingTrivia": true,
                    "trailingTrivia": [
                        {
                            "kind": "WhitespaceTrivia",
                            "fullStart": 7,
                            "fullEnd": 8,
                            "text": " "
                        }
                    ]
                },
                "openBraceToken": {
                    "kind": "OpenBraceToken",
                    "fullStart": 8,
                    "fullEnd": 11,
                    "start": 8,
                    "end": 9,
                    "fullWidth": 3,
                    "width": 1,
                    "text": "{",
                    "value": "{",
                    "valueText": "{",
                    "hasTrailingTrivia": true,
                    "hasTrailingNewLine": true,
                    "trailingTrivia": [
                        {
                            "kind": "NewLineTrivia",
                            "fullStart": 9,
                            "fullEnd": 11,
                            "text": "\r\n"
                        }
                    ]
                },
                "classElements": [
                    {
                        "kind": "ConstructorDeclaration",
                        "fullStart": 11,
                        "fullEnd": 44,
                        "start": 14,
                        "end": 42,
                        "fullWidth": 33,
                        "width": 28,
                        "modifiers": [],
                        "constructorKeyword": {
                            "kind": "ConstructorKeyword",
                            "fullStart": 11,
                            "fullEnd": 25,
                            "start": 14,
                            "end": 25,
                            "fullWidth": 14,
                            "width": 11,
                            "text": "constructor",
                            "value": "constructor",
                            "valueText": "constructor",
                            "hasLeadingTrivia": true,
                            "leadingTrivia": [
                                {
                                    "kind": "WhitespaceTrivia",
                                    "fullStart": 11,
                                    "fullEnd": 14,
                                    "text": "   "
                                }
                            ]
                        },
                        "callSignature": {
                            "kind": "CallSignature",
                            "fullStart": 25,
                            "fullEnd": 39,
                            "start": 25,
                            "end": 38,
                            "fullWidth": 14,
                            "width": 13,
                            "parameterList": {
                                "kind": "ParameterList",
                                "fullStart": 25,
                                "fullEnd": 39,
                                "start": 25,
                                "end": 38,
                                "fullWidth": 14,
                                "width": 13,
                                "openParenToken": {
                                    "kind": "OpenParenToken",
                                    "fullStart": 25,
                                    "fullEnd": 26,
                                    "start": 25,
                                    "end": 26,
                                    "fullWidth": 1,
                                    "width": 1,
                                    "text": "(",
                                    "value": "(",
                                    "valueText": "("
                                },
                                "parameters": [
                                    {
                                        "kind": "Parameter",
                                        "fullStart": 26,
                                        "fullEnd": 37,
                                        "start": 26,
                                        "end": 37,
                                        "fullWidth": 11,
                                        "width": 11,
                                        "modifiers": [
                                            {
                                                "kind": "ProtectedKeyword",
                                                "fullStart": 26,
                                                "fullEnd": 36,
                                                "start": 26,
                                                "end": 35,
                                                "fullWidth": 10,
                                                "width": 9,
                                                "text": "protected",
                                                "value": "protected",
                                                "valueText": "protected",
                                                "hasTrailingTrivia": true,
                                                "trailingTrivia": [
                                                    {
                                                        "kind": "WhitespaceTrivia",
                                                        "fullStart": 35,
                                                        "fullEnd": 36,
                                                        "text": " "
                                                    }
                                                ]
                                            }
                                        ],
                                        "identifier": {
                                            "kind": "IdentifierName",
                                            "fullStart": 36,
                                            "fullEnd": 37,
                                            "start": 36,
                                            "end": 37,
                                            "fullWidth": 1,
                                            "width": 1,
                                            "text": "p",
                                            "value": "p",
                                            "valueText": "p"
                                        }
                                    }
                                ],
                                "closeParenToken": {
                                    "kind": "CloseParenToken",
                                    "fullStart": 37,
                                    "fullEnd": 39,
                                    "start": 37,
                                    "end": 38,
                                    "fullWidth": 2,
                                    "width": 1,
                                    "text": ")",
                                    "value": ")",
                                    "valueText": ")",
                                    "hasTrailingTrivia": true,
                                    "trailingTrivia": [
                                        {
                                            "kind": "WhitespaceTrivia",
                                            "fullStart": 38,
                                            "fullEnd": 39,
                                            "text": " "
                                        }
                                    ]
                                }
                            }
                        },
                        "block": {
                            "kind": "Block",
                            "fullStart": 39,
                            "fullEnd": 44,
                            "start": 39,
                            "end": 42,
                            "fullWidth": 5,
                            "width": 3,
                            "openBraceToken": {
                                "kind": "OpenBraceToken",
                                "fullStart": 39,
                                "fullEnd": 41,
                                "start": 39,
                                "end": 40,
                                "fullWidth": 2,
                                "width": 1,
                                "text": "{",
                                "value": "{",
                                "valueText": "{",
                                "hasTrailingTrivia": true,
                                "trailingTrivia": [
                                    {
                                        "kind": "WhitespaceTrivia",
                                        "fullStart": 40,
                                        "fullEnd": 41,
                                        "text": " "
                                    }
                                ]
                            },
                            "statements": [],
                            "closeBraceToken": {
                                "kind": "CloseBraceToken",
                                "fullStart": 41,
                                "fullEnd": 44,
                                "start": 41,
                                "end": 42,
                                "fullWidth": 3,
                                "width": 1,
                                "text": "}",
                                "value": "}",
                                "valueText": "}",
                                "hasTrailingTrivia": true,
                                "hasTrailingNewLine": true,
                                "trailingTrivia": [
                                    {
                                        "kind": "NewLineTrivia",
                                        "fullStart": 42,
                                        "fullEnd": 44,
                                        "text": "\r\n"
                                    }
                                ]
                            }
                        }
                    }
                ],
                "closeBraceToken": {
                    "kind": "CloseBraceToken",
                    "fullStart": 44,
                    "fullEnd": 45,
                    "start": 44,
                    "end": 45,
                    "fullWidth": 1,
                    "width": 1,
                    "text": "}",
                    "value": "}",
                    "valueText": "}"
                }
            }
        ],
        "endOfFileToken": {
            "kind": "EndOfFileToken",
            "fullStart": 45,
            "fullEnd": 45,
            "start": 45,
            "end": 45,
            "fullWidth": 0,
            "width": 0,
            "text": ""
        }
    },
    "lineMap": {
        "lineStarts": [
            0,
            11,
            44
        ],
        "length": 45
    }
}